ºÕ‹À¹P
¢P{"Root":{"Path":"/","CreatedIndex":0,"ModifiedIndex":0,"ExpireTime":"0001-01-01T00:00:00Z","ACL":"","Value":"","Children":{"0":{"Path":"/0","CreatedIndex":0,"ModifiedIndex":0,"ExpireTime":"0001-01-01T00:00:00Z","ACL":"","Value":"","Children":{"members":{"Path":"/0/members","CreatedIndex":1,"ModifiedIndex":1,"ExpireTime":"0001-01-01T00:00:00Z","ACL":"","Value":"","Children":{"ce2a822cea30bfca":{"Path":"/0/members/ce2a822cea30bfca","CreatedIndex":1,"ModifiedIndex":1,"ExpireTime":"0001-01-01T00:00:00Z","ACL":"","Value":"","Children":{"attributes":{"Path":"/0/members/ce2a822cea30bfca/attributes","CreatedIndex":2,"ModifiedIndex":2,"ExpireTime":"0001-01-01T00:00:00Z","ACL":"","Value":"{\"name\":\"default\",\"clientURLs\":[\"http://localhost:2379\",\"http://localhost:4001\"]}","Children":null},"raftAttributes":{"Path":"/0/members/ce2a822cea30bfca/raftAttributes","CreatedIndex":1,"ModifiedIndex":1,"ExpireTime":"0001-01-01T00:00:00Z","ACL":"","Value":"{\"peerURLs\":[\"http://localhost:2380\",\"http://localhost:7001\"]}","Children":null}}}}}}},"1":{"Path":"/1","CreatedIndex":0,"ModifiedIndex":0,"ExpireTime":"0001-01-01T00:00:00Z","ACL":"","Value":"","Children":{"services":{"Path":"/1/services","CreatedIndex":3,"ModifiedIndex":3,"ExpireTime":"0001-01-01T00:00:00Z","ACL":"","Value":"","Children":{"db":{"Path":"/1/services/db","CreatedIndex":12,"ModifiedIndex":12,"ExpireTime":"0001-01-01T00:00:00Z","ACL":"","Value":"mongod --port 20000 --dbpath /data/db/replSet1 --replSet Mongo_study","Children":null}}}}}}},"WatcherHub":{"EventHistory":{"Queue":{"Events":[{"action":"create","node":{"key":"/0/members/ce2a822cea30bfca/raftAttributes","value":"{\"peerURLs\":[\"http://localhost:2380\",\"http://localhost:7001\"]}","modifiedIndex":1,"createdIndex":1}},{"action":"set","node":{"key":"/0/members/ce2a822cea30bfca/attributes","value":"{\"name\":\"default\",\"clientURLs\":[\"http://localhost:2379\",\"http://localhost:4001\"]}","modifiedIndex":2,"createdIndex":2}},{"action":"set","node":{"key":"/1/services/db","value":"{\"hostname\": \"127.0.0.1\", \"port\": 3000}","modifiedIndex":3,"createdIndex":3}},{"action":"set","node":{"key":"/1/services/db","value":"mongod --port 20000 --dbpath /data/db/replSet1 --replSet Mongo_study","modifiedIndex":4,"createdIndex":4},"prevNode":{"key":"/1/services/db","value":"{\"hostname\": \"127.0.0.1\", \"port\": 3000}","modifiedIndex":3,"createdIndex":3}},{"action":"set","node":{"key":"/1/services/db","value":"mongod --port 20000 --dbpath /data/db/replSet1 --replSet Mongo_study","modifiedIndex":5,"createdIndex":5},"prevNode":{"key":"/1/services/db","value":"mongod --port 20000 --dbpath /data/db/replSet1 --replSet Mongo_study","modifiedIndex":4,"createdIndex":4}},{"action":"set","node":{"key":"/1/services/db","value":"mongod --port 20000 --dbpath /data/db/replSet1 --replSet Mongo_study","modifiedIndex":6,"createdIndex":6},"prevNode":{"key":"/1/services/db","value":"mongod --port 20000 --dbpath /data/db/replSet1 --replSet Mongo_study","modifiedIndex":5,"createdIndex":5}},{"action":"set","node":{"key":"/1/services/db","value":"mongod --port 20000 --dbpath /data/db/replSet1 --replSet Mongo_study","modifiedIndex":7,"createdIndex":7},"prevNode":{"key":"/1/services/db","value":"mongod --port 20000 --dbpath /data/db/replSet1 --replSet Mongo_study","modifiedIndex":6,"createdIndex":6}},{"action":"set","node":{"key":"/1/services/db","value":"mongod --port 20000 --dbpath /data/db/replSet1 --replSet Mongo_study","modifiedIndex":8,"createdIndex":8},"prevNode":{"key":"/1/services/db","value":"mongod --port 20000 --dbpath /data/db/replSet1 --replSet Mongo_study","modifiedIndex":7,"createdIndex":7}},{"action":"set","node":{"key":"/1/services/db","value":"mongod --port 20000 --dbpath /data/db/replSet1 --replSet Mongo_study","modifiedIndex":9,"createdIndex":9},"prevNode":{"key":"/1/services/db","value":"mongod --port 20000 --dbpath /data/db/replSet1 --replSet Mongo_study","modifiedIndex":8,"createdIndex":8}},{"action":"set","node":{"key":"/1/services/db","value":"mongod --port 20000 --dbpath /data/db/replSet1 --replSet Mongo_study","modifiedIndex":10,"createdIndex":10},"prevNode":{"key":"/1/services/db","value":"mongod --port 20000 --dbpath /data/db/replSet1 --replSet Mongo_study","modifiedIndex":9,"createdIndex":9}},{"action":"set","node":{"key":"/1/services/db","value":"mongod --port 20000 --dbpath /data/db/replSet1 --replSet Mongo_study","modifiedIndex":11,"createdIndex":11},"prevNode":{"key":"/1/services/db","value":"mongod --port 20000 --dbpath /data/db/replSet1 --replSet Mongo_study","modifiedIndex":10,"createdIndex":10}},{"action":"set","node":{"key":"/1/services/db","value":"mongod --port 20000 --dbpath /data/db/replSet1 --replSet Mongo_study","modifiedIndex":12,"createdIndex":12},"prevNode":{"key":"/1/services/db","value":"mongod --port 20000 --dbpath /data/db/replSet1 --replSet Mongo_study","modifiedIndex":11,"createdIndex":11}},null,null,null,null,null,null,null,null,null,null,null,null,null,null,null,null,null,null,null,null,null,null,null,null,null,null,null,null,null,null,null,null,null,null,null,null,null,null,null,null,null,null,null,null,null,null,null,null,null,null,null,null,null,null,null,null,null,null,null,null,null,null,null,null,null,null,null,null,null,null,null,null,null,null,null,null,null,null,null,null,null,null,null,null,null,null,null,null,null,null,null,null,null,null,null,null,null,null,null,null,null,null,null,null,null,null,null,null,null,null,null,null,null,null,null,null,null,null,null,null,null,null,null,null,null,null,null,null,null,null,null,null,null,null,null,null,null,null,null,null,null,null,null,null,null,null,null,null,null,null,null,null,null,null,null,null,null,null,null,null,null,null,null,null,null,null,null,null,null,null,null,null,null,null,null,null,null,null,null,null,null,null,null,null,null,null,null,null,null,null,null,null,null,null,null,null,null,null,null,null,null,null,null,null,null,null,null,null,null,null,null,null,null,null,null,null,null,null,null,null,null,null,null,null,null,null,null,null,null,null,null,null,null,null,null,null,null,null,null,null,null,null,null,null,null,null,null,null,null,null,null,null,null,null,null,null,null,null,null,null,null,null,null,null,null,null,null,null,null,null,null,null,null,null,null,null,null,null,null,null,null,null,null,null,null,null,null,null,null,null,null,null,null,null,null,null,null,null,null,null,null,null,null,null,null,null,null,null,null,null,null,null,null,null,null,null,null,null,null,null,null,null,null,null,null,null,null,null,null,null,null,null,null,null,null,null,null,null,null,null,null,null,null,null,null,null,null,null,null,null,null,null,null,null,null,null,null,null,null,null,null,null,null,null,null,null,null,null,null,null,null,null,null,null,null,null,null,null,null,null,null,null,null,null,null,null,null,null,null,null,null,null,null,null,null,null,null,null,null,null,null,null,null,null,null,null,null,null,null,null,null,null,null,null,null,null,null,null,null,null,null,null,null,null,null,null,null,null,null,null,null,null,null,null,null,null,null,null,null,null,null,null,null,null,null,null,null,null,null,null,null,null,null,null,null,null,null,null,null,null,null,null,null,null,null,null,null,null,null,null,null,null,null,null,null,null,null,null,null,null,null,null,null,null,null,null,null,null,null,null,null,null,null,null,null,null,null,null,null,null,null,null,null,null,null,null,null,null,null,null,null,null,null,null,null,null,null,null,null,null,null,null,null,null,null,null,null,null,null,null,null,null,null,null,null,null,null,null,null,null,null,null,null,null,null,null,null,null,null,null,null,null,null,null,null,null,null,null,null,null,null,null,null,null,null,null,null,null,null,null,null,null,null,null,null,null,null,null,null,null,null,null,null,null,null,null,null,null,null,null,null,null,null,null,null,null,null,null,null,null,null,null,null,null,null,null,null,null,null,null,null,null,null,null,null,null,null,null,null,null,null,null,null,null,null,null,null,null,null,null,null,null,null,null,null,null,null,null,null,null,null,null,null,null,null,null,null,null,null,null,null,null,null,null,null,null,null,null,null,null,null,null,null,null,null,null,null,null,null,null,null,null,null,null,null,null,null,null,null,null,null,null,null,null,null,null,null,null,null,null,null,null,null,null,null,null,null,null,null,null,null,null,null,null,null,null,null,null,null,null,null,null,null,null,null,null,null,null,null,null,null,null,null,null,null,null,null,null,null,null,null,null,null,null,null,null,null,null,null,null,null,null,null,null,null,null,null,null,null,null,null,null,null,null,null,null,null,null,null,null,null,null,null,null,null,null,null,null,null,null,null,null,null,null,null,null,null,null,null,null,null,null,null,null,null,null,null,null,null,null,null,null,null,null,null,null,null,null,null,null,null,null,null,null,null,null,null,null,null,null,null,null,null,null,null,null,null,null,null,null,null,null,null,null,null,null,null,null,null,null,null,null,null,null,null,null,null,null,null,null,null,null,null,null,null,null,null,null,null,null,null,null,null,null,null,null,null,null,null,null,null,null,null,null,null,null,null,null,null,null,null,null,null,null,null,null,null,null,null,null,null,null,null,null,null,null,null,null,null,null,null,null,null,null,null,null,null,null,null,null,null,null,null,null,null,null,null,null,null,null,null,null,null,null,null,null,null,null,null,null,null,null,null,null,null,null,null,null,null,null,null,null,null,null,null,null,null,null,null,null,null,null,null,null,null,null,null,null,null,null,null,null,null,null,null,null,null,null,null,null,null,null,null,null,null,null,null,null,null,null,null,null,null,null,null,null,null,null,null,null,null,null,null,null,null,null,null,null],"Size":12,"Front":0,"Back":12,"Capacity":1000},"StartIndex":1,"LastIndex":12}},"CurrentIndex":12,"Stats":{"getsSuccess":2,"getsFail":17,"setsSuccess":11,"setsFail":0,"deleteSuccess":0,"deleteFail":0,"updateSuccess":0,"updateFail":0,"createSuccess":1,"createFail":0,"compareAndSwapSuccess":0,"compareAndSwapFail":0,"compareAndDeleteSuccess":0,"compareAndDeleteFail":0,"expireCount":0,"watchers":0},"CurrentVersion":2}
ÊÿÂÑÎÅ •Î‘N