®á¦…“¡
ú {"Root":{"Path":"/","CreatedIndex":0,"ModifiedIndex":0,"ExpireTime":"0001-01-01T00:00:00Z","ACL":"","Value":"","Children":{"0":{"Path":"/0","CreatedIndex":0,"ModifiedIndex":0,"ExpireTime":"0001-01-01T00:00:00Z","ACL":"","Value":"","Children":{"members":{"Path":"/0/members","CreatedIndex":1,"ModifiedIndex":1,"ExpireTime":"0001-01-01T00:00:00Z","ACL":"","Value":"","Children":{"ce2a822cea30bfca":{"Path":"/0/members/ce2a822cea30bfca","CreatedIndex":1,"ModifiedIndex":1,"ExpireTime":"0001-01-01T00:00:00Z","ACL":"","Value":"","Children":{"attributes":{"Path":"/0/members/ce2a822cea30bfca/attributes","CreatedIndex":22,"ModifiedIndex":22,"ExpireTime":"0001-01-01T00:00:00Z","ACL":"","Value":"{\"name\":\"default\",\"clientURLs\":[\"http://localhost:2379\",\"http://localhost:4001\"]}","Children":null},"raftAttributes":{"Path":"/0/members/ce2a822cea30bfca/raftAttributes","CreatedIndex":1,"ModifiedIndex":1,"ExpireTime":"0001-01-01T00:00:00Z","ACL":"","Value":"{\"peerURLs\":[\"http://localhost:2380\",\"http://localhost:7001\"]}","Children":null}}}}}}},"1":{"Path":"/1","CreatedIndex":0,"ModifiedIndex":0,"ExpireTime":"0001-01-01T00:00:00Z","ACL":"","Value":"","Children":{"services":{"Path":"/1/services","CreatedIndex":3,"ModifiedIndex":3,"ExpireTime":"0001-01-01T00:00:00Z","ACL":"","Value":"","Children":{"db":{"Path":"/1/services/db","CreatedIndex":44,"ModifiedIndex":44,"ExpireTime":"0001-01-01T00:00:00Z","ACL":"","Value":"mongod --port 20000 --dbpath /data/db/replSet1 --replSet Mongo_study","Children":null},"db2":{"Path":"/1/services/db2","CreatedIndex":43,"ModifiedIndex":43,"ExpireTime":"0001-01-01T00:00:00Z","ACL":"","Value":"mongod --port 30000 --dbpath /data/db/replSet2 --replSet Mongo_study","Children":null}}}}}}},"WatcherHub":{"EventHistory":{"Queue":{"Events":[{"action":"create","node":{"key":"/0/members/ce2a822cea30bfca/raftAttributes","value":"{\"peerURLs\":[\"http://localhost:2380\",\"http://localhost:7001\"]}","modifiedIndex":1,"createdIndex":1}},{"action":"set","node":{"key":"/0/members/ce2a822cea30bfca/attributes","value":"{\"name\":\"default\",\"clientURLs\":[\"http://localhost:2379\",\"http://localhost:4001\"]}","modifiedIndex":2,"createdIndex":2}},{"action":"set","node":{"key":"/1/services/db","value":"{\"hostname\": \"127.0.0.1\", \"port\": 3000}","modifiedIndex":3,"createdIndex":3}},{"action":"set","node":{"key":"/1/services/db","value":"mongod --port 20000 --dbpath /data/db/replSet1 --replSet Mongo_study","modifiedIndex":4,"createdIndex":4},"prevNode":{"key":"/1/services/db","value":"{\"hostname\": \"127.0.0.1\", \"port\": 3000}","modifiedIndex":3,"createdIndex":3}},{"action":"set","node":{"key":"/1/services/db","value":"mongod --port 20000 --dbpath /data/db/replSet1 --replSet Mongo_study","modifiedIndex":5,"createdIndex":5},"prevNode":{"key":"/1/services/db","value":"mongod --port 20000 --dbpath /data/db/replSet1 --replSet Mongo_study","modifiedIndex":4,"createdIndex":4}},{"action":"set","node":{"key":"/1/services/db","value":"mongod --port 20000 --dbpath /data/db/replSet1 --replSet Mongo_study","modifiedIndex":6,"createdIndex":6},"prevNode":{"key":"/1/services/db","value":"mongod --port 20000 --dbpath /data/db/replSet1 --replSet Mongo_study","modifiedIndex":5,"createdIndex":5}},{"action":"set","node":{"key":"/1/services/db","value":"mongod --port 20000 --dbpath /data/db/replSet1 --replSet Mongo_study","modifiedIndex":7,"createdIndex":7},"prevNode":{"key":"/1/services/db","value":"mongod --port 20000 --dbpath /data/db/replSet1 --replSet Mongo_study","modifiedIndex":6,"createdIndex":6}},{"action":"set","node":{"key":"/1/services/db","value":"mongod --port 20000 --dbpath /data/db/replSet1 --replSet Mongo_study","modifiedIndex":8,"createdIndex":8},"prevNode":{"key":"/1/services/db","value":"mongod --port 20000 --dbpath /data/db/replSet1 --replSet Mongo_study","modifiedIndex":7,"createdIndex":7}},{"action":"set","node":{"key":"/1/services/db","value":"mongod --port 20000 --dbpath /data/db/replSet1 --replSet Mongo_study","modifiedIndex":9,"createdIndex":9},"prevNode":{"key":"/1/services/db","value":"mongod --port 20000 --dbpath /data/db/replSet1 --replSet Mongo_study","modifiedIndex":8,"createdIndex":8}},{"action":"set","node":{"key":"/1/services/db","value":"mongod --port 20000 --dbpath /data/db/replSet1 --replSet Mongo_study","modifiedIndex":10,"createdIndex":10},"prevNode":{"key":"/1/services/db","value":"mongod --port 20000 --dbpath /data/db/replSet1 --replSet Mongo_study","modifiedIndex":9,"createdIndex":9}},{"action":"set","node":{"key":"/1/services/db","value":"mongod --port 20000 --dbpath /data/db/replSet1 --replSet Mongo_study","modifiedIndex":11,"createdIndex":11},"prevNode":{"key":"/1/services/db","value":"mongod --port 20000 --dbpath /data/db/replSet1 --replSet Mongo_study","modifiedIndex":10,"createdIndex":10}},{"action":"set","node":{"key":"/1/services/db","value":"mongod --port 20000 --dbpath /data/db/replSet1 --replSet Mongo_study","modifiedIndex":12,"createdIndex":12},"prevNode":{"key":"/1/services/db","value":"mongod --port 20000 --dbpath /data/db/replSet1 --replSet Mongo_study","modifiedIndex":11,"createdIndex":11}},{"action":"set","node":{"key":"/1/services/db","value":"mongod --port 20000 --dbpath /data/db/replSet1 --replSet Mongo_study","modifiedIndex":13,"createdIndex":13},"prevNode":{"key":"/1/services/db","value":"mongod --port 20000 --dbpath /data/db/replSet1 --replSet Mongo_study","modifiedIndex":12,"createdIndex":12}},{"action":"set","node":{"key":"/1/services/db","value":"mongod --port 20000 --dbpath /data/db/replSet1 --replSet Mongo_study","modifiedIndex":14,"createdIndex":14},"prevNode":{"key":"/1/services/db","value":"mongod --port 20000 --dbpath /data/db/replSet1 --replSet Mongo_study","modifiedIndex":13,"createdIndex":13}},{"action":"set","node":{"key":"/1/services/db","value":"mongod --port 20000 --dbpath /data/db/replSet1 --replSet Mongo_study","modifiedIndex":15,"createdIndex":15},"prevNode":{"key":"/1/services/db","value":"mongod --port 20000 --dbpath /data/db/replSet1 --replSet Mongo_study","modifiedIndex":14,"createdIndex":14}},{"action":"set","node":{"key":"/1/services/db","value":"mongod --port 20000 --dbpath /data/db/replSet1 --replSet Mongo_study","modifiedIndex":16,"createdIndex":16},"prevNode":{"key":"/1/services/db","value":"mongod --port 20000 --dbpath /data/db/replSet1 --replSet Mongo_study","modifiedIndex":15,"createdIndex":15}},{"action":"set","node":{"key":"/1/services/db","value":"mongod --port 20000 --dbpath /data/db/replSet1 --replSet Mongo_study","modifiedIndex":17,"createdIndex":17},"prevNode":{"key":"/1/services/db","value":"mongod --port 20000 --dbpath /data/db/replSet1 --replSet Mongo_study","modifiedIndex":16,"createdIndex":16}},{"action":"set","node":{"key":"/1/services/db","value":"mongod --port 20000 --dbpath /data/db/replSet1 --replSet Mongo_study","modifiedIndex":18,"createdIndex":18},"prevNode":{"key":"/1/services/db","value":"mongod --port 20000 --dbpath /data/db/replSet1 --replSet Mongo_study","modifiedIndex":17,"createdIndex":17}},{"action":"set","node":{"key":"/1/services/db","value":"mongod --port 20000 --dbpath /data/db/replSet1 --replSet Mongo_study","modifiedIndex":19,"createdIndex":19},"prevNode":{"key":"/1/services/db","value":"mongod --port 20000 --dbpath /data/db/replSet1 --replSet Mongo_study","modifiedIndex":18,"createdIndex":18}},{"action":"set","node":{"key":"/0/members/ce2a822cea30bfca/attributes","value":"{\"name\":\"default\",\"clientURLs\":[\"http://localhost:2379\",\"http://localhost:4001\"]}","modifiedIndex":20,"createdIndex":20},"prevNode":{"key":"/0/members/ce2a822cea30bfca/attributes","value":"{\"name\":\"default\",\"clientURLs\":[\"http://localhost:2379\",\"http://localhost:4001\"]}","modifiedIndex":2,"createdIndex":2}},{"action":"set","node":{"key":"/0/members/ce2a822cea30bfca/attributes","value":"{\"name\":\"default\",\"clientURLs\":[\"http://localhost:2379\",\"http://localhost:4001\"]}","modifiedIndex":21,"createdIndex":21},"prevNode":{"key":"/0/members/ce2a822cea30bfca/attributes","value":"{\"name\":\"default\",\"clientURLs\":[\"http://localhost:2379\",\"http://localhost:4001\"]}","modifiedIndex":20,"createdIndex":20}},{"action":"set","node":{"key":"/0/members/ce2a822cea30bfca/attributes","value":"{\"name\":\"default\",\"clientURLs\":[\"http://localhost:2379\",\"http://localhost:4001\"]}","modifiedIndex":22,"createdIndex":22},"prevNode":{"key":"/0/members/ce2a822cea30bfca/attributes","value":"{\"name\":\"default\",\"clientURLs\":[\"http://localhost:2379\",\"http://localhost:4001\"]}","modifiedIndex":21,"createdIndex":21}},{"action":"set","node":{"key":"/1/services/db","value":"mongod --port 20000 --dbpath /data/db/replSet1 --replSet Mongo_study","modifiedIndex":23,"createdIndex":23},"prevNode":{"key":"/1/services/db","value":"mongod --port 20000 --dbpath /data/db/replSet1 --replSet Mongo_study","modifiedIndex":19,"createdIndex":19}},{"action":"set","node":{"key":"/1/services/db","value":"mongod --port 20000 --dbpath /data/db/replSet1 --replSet Mongo_study","modifiedIndex":24,"createdIndex":24},"prevNode":{"key":"/1/services/db","value":"mongod --port 20000 --dbpath /data/db/replSet1 --replSet Mongo_study","modifiedIndex":23,"createdIndex":23}},{"action":"set","node":{"key":"/1/services/db","value":"mongod --port 20000 --dbpath /data/db/replSet1 --replSet Mongo_study","modifiedIndex":25,"createdIndex":25},"prevNode":{"key":"/1/services/db","value":"mongod --port 20000 --dbpath /data/db/replSet1 --replSet Mongo_study","modifiedIndex":24,"createdIndex":24}},{"action":"set","node":{"key":"/1/services/db","value":"mongod --port 20000 --dbpath /data/db/replSet1 --replSet Mongo_study","modifiedIndex":26,"createdIndex":26},"prevNode":{"key":"/1/services/db","value":"mongod --port 20000 --dbpath /data/db/replSet1 --replSet Mongo_study","modifiedIndex":25,"createdIndex":25}},{"action":"set","node":{"key":"/1/services/db","value":"mongod --port 20000 --dbpath /data/db/replSet1 --replSet Mongo_study","modifiedIndex":27,"createdIndex":27},"prevNode":{"key":"/1/services/db","value":"mongod --port 20000 --dbpath /data/db/replSet1 --replSet Mongo_study","modifiedIndex":26,"createdIndex":26}},{"action":"set","node":{"key":"/1/services/db","value":"mongod --port 20000 --dbpath /data/db/replSet1 --replSet Mongo_study","modifiedIndex":28,"createdIndex":28},"prevNode":{"key":"/1/services/db","value":"mongod --port 20000 --dbpath /data/db/replSet1 --replSet Mongo_study","modifiedIndex":27,"createdIndex":27}},{"action":"set","node":{"key":"/1/services/db","value":"mongod --port 20000 --dbpath /data/db/replSet1 --replSet Mongo_study","modifiedIndex":29,"createdIndex":29},"prevNode":{"key":"/1/services/db","value":"mongod --port 20000 --dbpath /data/db/replSet1 --replSet Mongo_study","modifiedIndex":28,"createdIndex":28}},{"action":"set","node":{"key":"/1/services/db","value":"mongod --port 20000 --dbpath /data/db/replSet1 --replSet Mongo_study","modifiedIndex":30,"createdIndex":30},"prevNode":{"key":"/1/services/db","value":"mongod --port 20000 --dbpath /data/db/replSet1 --replSet Mongo_study","modifiedIndex":29,"createdIndex":29}},{"action":"set","node":{"key":"/1/services/db","value":"mongod --port 20000 --dbpath /data/db/replSet1 --replSet Mongo_study","modifiedIndex":31,"createdIndex":31},"prevNode":{"key":"/1/services/db","value":"mongod --port 20000 --dbpath /data/db/replSet1 --replSet Mongo_study","modifiedIndex":30,"createdIndex":30}},{"action":"set","node":{"key":"/1/services/db","value":"mongod --port 20000 --dbpath /data/db/replSet1 --replSet Mongo_study","modifiedIndex":32,"createdIndex":32},"prevNode":{"key":"/1/services/db","value":"mongod --port 20000 --dbpath /data/db/replSet1 --replSet Mongo_study","modifiedIndex":31,"createdIndex":31}},{"action":"set","node":{"key":"/1/services/db2","value":"mongod --port 30000 --dbpath /data/db/replSet2 --replSet Mongo_study","modifiedIndex":33,"createdIndex":33}},{"action":"set","node":{"key":"/1/services/db","value":"mongod --port 20000 --dbpath /data/db/replSet1 --replSet Mongo_study","modifiedIndex":34,"createdIndex":34},"prevNode":{"key":"/1/services/db","value":"mongod --port 20000 --dbpath /data/db/replSet1 --replSet Mongo_study","modifiedIndex":32,"createdIndex":32}},{"action":"set","node":{"key":"/1/services/db","value":"mongod --port 20000 --dbpath /data/db/replSet1 --replSet Mongo_study","modifiedIndex":35,"createdIndex":35},"prevNode":{"key":"/1/services/db","value":"mongod --port 20000 --dbpath /data/db/replSet1 --replSet Mongo_study","modifiedIndex":34,"createdIndex":34}},{"action":"set","node":{"key":"/1/services/db","value":"mongod --port 20000 --dbpath /data/db/replSet1 --replSet Mongo_study","modifiedIndex":36,"createdIndex":36},"prevNode":{"key":"/1/services/db","value":"mongod --port 20000 --dbpath /data/db/replSet1 --replSet Mongo_study","modifiedIndex":35,"createdIndex":35}},{"action":"set","node":{"key":"/1/services/db","value":"mongod --port 20000 --dbpath /data/db/replSet1 --replSet Mongo_study","modifiedIndex":37,"createdIndex":37},"prevNode":{"key":"/1/services/db","value":"mongod --port 20000 --dbpath /data/db/replSet1 --replSet Mongo_study","modifiedIndex":36,"createdIndex":36}},{"action":"set","node":{"key":"/1/services/db","value":"mongod --port 20000 --dbpath /data/db/replSet1 --replSet Mongo_study","modifiedIndex":38,"createdIndex":38},"prevNode":{"key":"/1/services/db","value":"mongod --port 20000 --dbpath /data/db/replSet1 --replSet Mongo_study","modifiedIndex":37,"createdIndex":37}},{"action":"set","node":{"key":"/1/services/db","value":"mongod --port 20000 --dbpath /data/db/replSet1 --replSet Mongo_study","modifiedIndex":39,"createdIndex":39},"prevNode":{"key":"/1/services/db","value":"mongod --port 20000 --dbpath /data/db/replSet1 --replSet Mongo_study","modifiedIndex":38,"createdIndex":38}},{"action":"set","node":{"key":"/1/services/db","value":"mongod --port 20000 --dbpath /data/db/replSet1 --replSet Mongo_study","modifiedIndex":40,"createdIndex":40},"prevNode":{"key":"/1/services/db","value":"mongod --port 20000 --dbpath /data/db/replSet1 --replSet Mongo_study","modifiedIndex":39,"createdIndex":39}},{"action":"set","node":{"key":"/1/services/db","value":"mongod --port 20000 --dbpath /data/db/replSet1 --replSet Mongo_study","modifiedIndex":41,"createdIndex":41},"prevNode":{"key":"/1/services/db","value":"mongod --port 20000 --dbpath /data/db/replSet1 --replSet Mongo_study","modifiedIndex":40,"createdIndex":40}},{"action":"set","node":{"key":"/1/services/db","value":"mongod --port 20000 --dbpath /data/db/replSet1 --replSet Mongo_study","modifiedIndex":42,"createdIndex":42},"prevNode":{"key":"/1/services/db","value":"mongod --port 20000 --dbpath /data/db/replSet1 --replSet Mongo_study","modifiedIndex":41,"createdIndex":41}},{"action":"set","node":{"key":"/1/services/db2","value":"mongod --port 30000 --dbpath /data/db/replSet2 --replSet Mongo_study","modifiedIndex":43,"createdIndex":43},"prevNode":{"key":"/1/services/db2","value":"mongod --port 30000 --dbpath /data/db/replSet2 --replSet Mongo_study","modifiedIndex":33,"createdIndex":33}},{"action":"set","node":{"key":"/1/services/db","value":"mongod --port 20000 --dbpath /data/db/replSet1 --replSet Mongo_study","modifiedIndex":44,"createdIndex":44},"prevNode":{"key":"/1/services/db","value":"mongod --port 20000 --dbpath /data/db/replSet1 --replSet Mongo_study","modifiedIndex":42,"createdIndex":42}},null,null,null,null,null,null,null,null,null,null,null,null,null,null,null,null,null,null,null,null,null,null,null,null,null,null,null,null,null,null,null,null,null,null,null,null,null,null,null,null,null,null,null,null,null,null,null,null,null,null,null,null,null,null,null,null,null,null,null,null,null,null,null,null,null,null,null,null,null,null,null,null,null,null,null,null,null,null,null,null,null,null,null,null,null,null,null,null,null,null,null,null,null,null,null,null,null,null,null,null,null,null,null,null,null,null,null,null,null,null,null,null,null,null,null,null,null,null,null,null,null,null,null,null,null,null,null,null,null,null,null,null,null,null,null,null,null,null,null,null,null,null,null,null,null,null,null,null,null,null,null,null,null,null,null,null,null,null,null,null,null,null,null,null,null,null,null,null,null,null,null,null,null,null,null,null,null,null,null,null,null,null,null,null,null,null,null,null,null,null,null,null,null,null,null,null,null,null,null,null,null,null,null,null,null,null,null,null,null,null,null,null,null,null,null,null,null,null,null,null,null,null,null,null,null,null,null,null,null,null,null,null,null,null,null,null,null,null,null,null,null,null,null,null,null,null,null,null,null,null,null,null,null,null,null,null,null,null,null,null,null,null,null,null,null,null,null,null,null,null,null,null,null,null,null,null,null,null,null,null,null,null,null,null,null,null,null,null,null,null,null,null,null,null,null,null,null,null,null,null,null,null,null,null,null,null,null,null,null,null,null,null,null,null,null,null,null,null,null,null,null,null,null,null,null,null,null,null,null,null,null,null,null,null,null,null,null,null,null,null,null,null,null,null,null,null,null,null,null,null,null,null,null,null,null,null,null,null,null,null,null,null,null,null,null,null,null,null,null,null,null,null,null,null,null,null,null,null,null,null,null,null,null,null,null,null,null,null,null,null,null,null,null,null,null,null,null,null,null,null,null,null,null,null,null,null,null,null,null,null,null,null,null,null,null,null,null,null,null,null,null,null,null,null,null,null,null,null,null,null,null,null,null,null,null,null,null,null,null,null,null,null,null,null,null,null,null,null,null,null,null,null,null,null,null,null,null,null,null,null,null,null,null,null,null,null,null,null,null,null,null,null,null,null,null,null,null,null,null,null,null,null,null,null,null,null,null,null,null,null,null,null,null,null,null,null,null,null,null,null,null,null,null,null,null,null,null,null,null,null,null,null,null,null,null,null,null,null,null,null,null,null,null,null,null,null,null,null,null,null,null,null,null,null,null,null,null,null,null,null,null,null,null,null,null,null,null,null,null,null,null,null,null,null,null,null,null,null,null,null,null,null,null,null,null,null,null,null,null,null,null,null,null,null,null,null,null,null,null,null,null,null,null,null,null,null,null,null,null,null,null,null,null,null,null,null,null,null,null,null,null,null,null,null,null,null,null,null,null,null,null,null,null,null,null,null,null,null,null,null,null,null,null,null,null,null,null,null,null,null,null,null,null,null,null,null,null,null,null,null,null,null,null,null,null,null,null,null,null,null,null,null,null,null,null,null,null,null,null,null,null,null,null,null,null,null,null,null,null,null,null,null,null,null,null,null,null,null,null,null,null,null,null,null,null,null,null,null,null,null,null,null,null,null,null,null,null,null,null,null,null,null,null,null,null,null,null,null,null,null,null,null,null,null,null,null,null,null,null,null,null,null,null,null,null,null,null,null,null,null,null,null,null,null,null,null,null,null,null,null,null,null,null,null,null,null,null,null,null,null,null,null,null,null,null,null,null,null,null,null,null,null,null,null,null,null,null,null,null,null,null,null,null,null,null,null,null,null,null,null,null,null,null,null,null,null,null,null,null,null,null,null,null,null,null,null,null,null,null,null,null,null,null,null,null,null,null,null,null,null,null,null,null,null,null,null,null,null,null,null,null,null,null,null,null,null,null,null,null,null,null,null,null,null,null,null,null,null,null,null,null,null,null,null,null,null,null,null,null,null,null,null,null,null,null,null,null,null,null,null,null,null,null,null,null,null,null,null,null,null,null,null,null,null,null,null,null,null,null,null,null,null,null,null,null,null,null,null,null,null,null,null,null,null,null,null,null,null,null,null,null,null,null,null,null,null,null,null,null,null,null,null,null,null,null,null,null,null,null,null,null,null,null,null,null,null,null,null,null,null,null,null,null,null,null,null,null,null,null,null,null,null,null,null,null,null,null,null,null,null,null,null,null,null,null,null],"Size":44,"Front":0,"Back":44,"Capacity":1000},"StartIndex":1,"LastIndex":44}},"CurrentIndex":44,"Stats":{"getsSuccess":24,"getsFail":19,"setsSuccess":43,"setsFail":0,"deleteSuccess":0,"deleteFail":0,"updateSuccess":0,"updateFail":0,"createSuccess":1,"createFail":0,"compareAndSwapSuccess":0,"compareAndSwapFail":0,"compareAndDeleteSuccess":0,"compareAndDeleteFail":0,"expireCount":0,"watchers":0},"CurrentVersion":2}
ÊÿÂÑÎÅ •ÎÄ¸